========================
UTC: 2026-04-09T12:12:50.9746267+00:00
To: ekaterina.novikova@gmail.com
Subject: Reset your password
Body:
Please reset your password by <a href='https://localhost:7232/Identity/Account/ResetPassword?code=Q2ZESjhJNmRCNjlsZnF4SXEvS01zdmpXTFRoL0l5aGt5eDMxYVdNZFRHVHA4VlAxRzVuK3lQSGk1MnBWYVIrR01DUzNJZmMvbDNJYVJVMjJhaDJpZUtjUUJVSWQ4aFhjS2thUkZMOHVQTkR1YjdVaFEzR1RJb1Y2T0pUakMrdUhKMnUxQkFJY3VSMkplWVl0Z01CNnlodnorZWYzbitidHRkamt3NEZpU3VpbGd6VmRtS3lBbStNQUhkemdPeVpPUlpYTWhJQkVSVlk4MnRENGFzb3pPS1NiaFNRektiTkY5WTJtcDRmOWhMWWl2bGpE'>clicking here</a>.

========================
UTC: 2026-04-09T12:16:18.4316901+00:00
To: petr.maslov@service.ru
Subject: Reset your password
Body:
Please reset your password by <a href='https://localhost:7232/Identity/Account/ResetPassword?code=Q2ZESjhJNmRCNjlsZnF4SXEvS01zdmpXTFRoeWZIb3BXTUtZUlZVREM4S2sxVHphamg2cno3Zkh3dzdxbTIxTXFYWDVWZ05RNE9kUGVYUCtucWVKbXk2SjhFMHc3VmcxWW9VUERmUzRtL0JYOE1oT3ZKWC9oWmRYODBlelZFdk1ZTm9qKytIdDNSSmM1d3B1VE43VnZ2LzVHYUtoYWdPUjMwZ3drWWNrMExld2M5VmxqTEFsbHJNWW5DMWJ1MTZXSUI3MTFwU1BaaVM0L3dkZE9BcDBUdGxJaGs5ZnBRSS9ZOXI5a2hydTFWVEllWm5S'>clicking here</a>.

========================
UTC: 2026-06-04T14:03:23.8192757+00:00
To: gornostaevPoelGovna@yahoo.com
Subject: Confirm your email
Body:
Please confirm your account by <a href='https://localhost:7232/Identity/Account/ConfirmEmail?userId=c50071e7-b2c7-47e8-bd9a-f3c959723bc5&amp;code=Q2ZESjhJNmRCNjlsZnF4SXEvS01zdmpXTFRncHRCMzl2ZzlYWExQUDB6ZE00RVVEbnBJR3NKZ3UyUmN6cnVWOFhQajdXYTM5TFh3bXBIeWRnYnNSYVZ1TjNweUpGbnN1cmtXVnU4bTVvNVNPRVBzME84b2d1ZDV6TE5YWjN5b3hnWHJhSUVmaSthNjhaY3lKMjBmRW1NMUlVM2R0ekpuMXRHNjN6WjRTM2FOQlhJbHlhUXNXdVE5VXJCUWVrTXptWE85Ui9MQ1cxV2RIVmdzeHQ0VEJEdEZpTGFjeTJta080b3RlRVlkTzc4Z0FFdStDZjRPSmJEZm5OdWdZeWtUQ1cvSjA5dz09&amp;returnUrl=%2F'>clicking here</a>.

========================
UTC: 2026-06-05T16:04:59.8508373+00:00
To: gornostaevTest111111@yandex.ru
Subject: Confirm your email
Body:
Please confirm your account by <a href='https://localhost:7232/Identity/Account/ConfirmEmail?userId=68c458ee-fd83-4bfb-b4da-16893acc98b6&amp;code=Q2ZESjhJNmRCNjlsZnF4SXEvS01zdmpXTFRqT0dqSkp4OTVEd0FSalRER2xLZENBMjQ4UEk1MU9lTUdOUzFjalBqTjF4bk1LUXFCMTJ2V0d3T0gwMXNzKzhvQnI1Y1ZlRVVneGNnaGh4RHlXQVJqaVhjMzhZN3NDMEg5RHhGY3FQMUd0cUVTcHU0TGp6SkIvTHRBTTc3czZtRlgzeXJjc1JtdGJpemxKTFBOU0RqYmlXenZtOWFRQXFEWUFpQ2tjWWVud0E0NUIwaWZlalJVNUlrMFAzaXV6c3VQNllKT1VmbWxnZmhoYU4rRlBKZlpWV3JzUklObXJETDZxeklsT094bUthZz09&amp;returnUrl=%2F'>clicking here</a>.

